// Jest Snapshot v1, https://goo.gl/fbAQLP

exports[`ClearButton component should match snapshot 1`] = `
<button
  className="reset-btn"
  onClick={[MockFunction]}
  type="button"
>
  <ForwardRef(CloseCircleOutlined) />
</button>
`;
